// Jest Snapshot v1, https://goo.gl/fbAQLP

exports[`./Controls should render as expected 1`] = `
<div
  className="Controls"
>
  <button
    disabled={false}
    onClick={undefined}
    type="button"
  >
    Start
  </button>
  <button
    disabled={true}
    onClick={undefined}
    type="button"
  >
    Reset
  </button>
</div>
`;
