// Jest Snapshot v1, https://goo.gl/fbAQLP

exports[`./Track.tsx should render as expected 1`] = `
<div
  className="Track"
/>
`;
